<html>
<body>
<pre>
<h1>µVision Build Log</h1>
<h2>Tool Versions:</h2>
IDE-Version: µVision V5.29.0.0
Copyright (C) 2019 ARM Ltd and ARM Germany GmbH. All rights reserved.
License Information: HMQUYET HMQUYET, hcmut, LIC=FYKYW-QN7AD-30INC-7WYES-RE7B5-NMHTC
 
Tool Versions:
Toolchain:       MDK-ARM Plus  Version: 5.29.0.0
Toolchain Path:  C:\Keil_v5\ARM\ARMCC\Bin
C Compiler:      Armcc.exe V5.06 update 6 (build 750)
Assembler:       Armasm.exe V5.06 update 6 (build 750)
Linker/Locator:  ArmLink.exe V5.06 update 6 (build 750)
Library Manager: ArmAr.exe V5.06 update 6 (build 750)
Hex Converter:   FromElf.exe V5.06 update 6 (build 750)
CPU DLL:         SARMCM3.DLL V5.29.0.0
Dialog DLL:      DCM.DLL V1.17.3.0
Target DLL:      STLink\ST-LINKIII-KEIL_SWO.dll V3.0.7.0
Dialog DLL:      TCM.DLL V1.36.5.0
 
<h2>Project:</h2>
D:\AUTOMATION\TestCode\GYRO\MDK-ARM\GYRO.uvprojx
Project File Date:  08/12/2024

<h2>Output:</h2>
*** Using Compiler 'V5.06 update 6 (build 750)', folder: 'C:\Keil_v5\ARM\ARMCC\Bin'
Build target 'GYRO'
compiling L3GD20.c...
../Core/Inc/l3gd20.h(42): warning:  #1-D: last line of file ends without a newline
  #endif
..\Core\Src\L3GD20.c(12): warning:  #223-D: function "SPI_Transmit" declared implicitly
      SPI_Transmit(spiTxBuf, 2);
..\Core\Src\L3GD20.c(33): warning:  #223-D: function "SPI_TransmitReceive" declared implicitly
      SPI_TransmitReceive(&spiTxBuf[0], &spiRxBuf[1], 1);
..\Core\Src\L3GD20.c(55): warning:  #1-D: last line of file ends without a newline
  }
..\Core\Src\L3GD20.c: 4 warnings, 0 errors
compiling main.c...
../Core/Inc/L3GD20.h(42): warning:  #1-D: last line of file ends without a newline
  #endif
../Core/Src/main.c(209): warning:  #1-D: last line of file ends without a newline
  #endif /* USE_FULL_ASSERT */
../Core/Src/main.c: 2 warnings, 0 errors
linking...
Program Size: Code=5130 RO-data=458 RW-data=32 ZI-data=1736  
FromELF: creating hex file...
"GYRO\GYRO.axf" - 0 Error(s), 6 Warning(s).

<h2>Software Packages used:</h2>

Package Vendor: ARM
                http://www.keil.com/pack/ARM.CMSIS.5.6.0.pack
                ARM.CMSIS.5.6.0
                CMSIS (Cortex Microcontroller Software Interface Standard)
   * Component: CORE Version: 5.3.0

Package Vendor: Keil
                https://www.keil.com/pack/Keil.STM32F4xx_DFP.2.17.1.pack
                Keil.STM32F4xx_DFP.2.17.1
                STMicroelectronics STM32F4 Series Device Support, Drivers and Examples

<h2>Collection of Component include folders:</h2>
  .\RTE\_GYRO
  C:\Keil_v5\ARM\PACK\ARM\CMSIS\5.6.0\CMSIS\Core\Include
  C:\Keil_v5\ARM\PACK\Keil\STM32F4xx_DFP\2.17.1\Drivers\CMSIS\Device\ST\STM32F4xx\Include

<h2>Collection of Component Files used:</h2>

   * Component: ARM::CMSIS:CORE:5.3.0
Build Time Elapsed:  00:00:03
</pre>
</body>
</html>
